[    0.000000] Linux version 4.15.0-189-generic (buildd@lcy02-amd64-039) (gcc version 7.5.0 (Ubuntu 7.5.0-3ubuntu1~18.04)) #200-Ubuntu SMP Wed Jun 22 19:53:37 UTC 2022 (Ubuntu 4.15.0-189.200-generic 4.15.18)
[    0.000000] Command line: BOOT_IMAGE=/boot/vmlinuz-4.15.0-189-generic root=LABEL=cloudimg-rootfs ro console=tty1 console=ttyS0
[    0.000000] KERNEL supported cpus:
[    0.000000]   Intel GenuineIntel
[    0.000000]   AMD AuthenticAMD
[    0.000000]   Centaur CentaurHauls
[    0.000000] x86/fpu: Supporting XSAVE feature 0x001: 'x87 floating point registers'
[    0.000000] x86/fpu: Supporting XSAVE feature 0x002: 'SSE registers'
[    0.000000] x86/fpu: Supporting XSAVE feature 0x004: 'AVX registers'
[    0.000000] x86/fpu: xstate_offset[2]:  576, xstate_sizes[2]:  256
[    0.000000] x86/fpu: Enabled xstate features 0x7, context size is 832 bytes, using 'standard' format.
[    0.000000] e820: BIOS-provided physical RAM map:
[    0.000000] BIOS-e820: [mem 0x0000000000000000-0x000000000009fbff] usable
[    0.000000] BIOS-e820: [mem 0x000000000009fc00-0x000000000009ffff] reserved
[    0.000000] BIOS-e820: [mem 0x00000000000f0000-0x00000000000fffff] reserved
[    0.000000] BIOS-e820: [mem 0x0000000000100000-0x00000000c17effff] usable
[    0.000000] BIOS-e820: [mem 0x00000000c17f0000-0x00000000c17fffff] ACPI data
[    0.000000] BIOS-e820: [mem 0x00000000fec00000-0x00000000fec00fff] reserved
[    0.000000] BIOS-e820: [mem 0x00000000fee00000-0x00000000fee00fff] reserved
[    0.000000] BIOS-e820: [mem 0x00000000fffc0000-0x00000000ffffffff] reserved
[    0.000000] NX (Execute Disable) protection: active
[    0.000000] SMBIOS 2.5 present.
[    0.000000] DMI: innotek GmbH VirtualBox/VirtualBox, BIOS VirtualBox 12/01/2006
[    0.000000] Hypervisor detected: KVM
[    0.000000] e820: last_pfn = 0xc17f0 max_arch_pfn = 0x400000000
[    0.000000] MTRR: Disabled
[    0.000000] x86/PAT: MTRRs disabled, skipping PAT initialization too.
[    0.000000] CPU MTRRs all blank - virtualized system.
[    0.000000] x86/PAT: Configuration [0-7]: WB  WT  UC- UC  WB  WT  UC- UC  
[    0.000000] found SMP MP-table at [mem 0x0009fff0-0x0009ffff]
[    0.000000] Scanning 1 areas for low memory corruption
[    0.000000] RAMDISK: [mem 0x35811000-0x36bfffff]
[    0.000000] ACPI: Early table checksum verification disabled
[    0.000000] ACPI: RSDP 0x00000000000E0000 000024 (v02 VBOX  )
[    0.000000] ACPI: XSDT 0x00000000C17F0030 00003C (v01 VBOX   VBOXXSDT 00000001 ASL  00000061)
[    0.000000] ACPI: FACP 0x00000000C17F00F0 0000F4 (v04 VBOX   VBOXFACP 00000001 ASL  00000061)
[    0.000000] ACPI: DSDT 0x00000000C17F0470 002325 (v02 VBOX   VBOXBIOS 00000002 INTL 20100528)
[    0.000000] ACPI: FACS 0x00000000C17F0200 000040
[    0.000000] ACPI: FACS 0x00000000C17F0200 000040
[    0.000000] ACPI: APIC 0x00000000C17F0240 00005C (v02 VBOX   VBOXAPIC 00000001 ASL  00000061)
[    0.000000] ACPI: SSDT 0x00000000C17F02A0 0001CC (v01 VBOX   VBOXCPUT 00000002 INTL 20100528)
[    0.000000] ACPI: Reserving FACP table memory at [mem 0xc17f00f0-0xc17f01e3]
[    0.000000] ACPI: Reserving DSDT table memory at [mem 0xc17f0470-0xc17f2794]
[    0.000000] ACPI: Reserving FACS table memory at [mem 0xc17f0200-0xc17f023f]
[    0.000000] ACPI: Reserving FACS table memory at [mem 0xc17f0200-0xc17f023f]
[    0.000000] ACPI: Reserving APIC table memory at [mem 0xc17f0240-0xc17f029b]
[    0.000000] ACPI: Reserving SSDT table memory at [mem 0xc17f02a0-0xc17f046b]
[    0.000000] No NUMA configuration found
[    0.000000] Faking a node at [mem 0x0000000000000000-0x00000000c17effff]
[    0.000000] NODE_DATA(0) allocated [mem 0xc17c5000-0xc17effff]
[    0.000000] kvm-clock: cpu 0, msr 0:c1744001, primary cpu clock
[    0.000000] kvm-clock: Using msrs 4b564d01 and 4b564d00
[    0.000000] kvm-clock: using sched offset of 3292832441 cycles
[    0.000000] clocksource: kvm-clock: mask: 0xffffffffffffffff max_cycles: 0x1cd42e4dffb, max_idle_ns: 881590591483 ns
[    0.000000] Zone ranges:
[    0.000000]   DMA      [mem 0x0000000000001000-0x0000000000ffffff]
[    0.000000]   DMA32    [mem 0x0000000001000000-0x00000000c17effff]
[    0.000000]   Normal   empty
[    0.000000]   Device   empty
[    0.000000] Movable zone start for each node
[    0.000000] Early memory node ranges
[    0.000000]   node   0: [mem 0x0000000000001000-0x000000000009efff]
[    0.000000]   node   0: [mem 0x0000000000100000-0x00000000c17effff]
[    0.000000] Reserved but unavailable: 104 pages
[    0.000000] Initmem setup node 0 [mem 0x0000000000001000-0x00000000c17effff]
[    0.000000] ACPI: PM-Timer IO Port: 0x4008
[    0.000000] IOAPIC[0]: apic_id 2, version 32, address 0xfec00000, GSI 0-23
[    0.000000] ACPI: INT_SRC_OVR (bus 0 bus_irq 0 global_irq 2 dfl dfl)
[    0.000000] ACPI: INT_SRC_OVR (bus 0 bus_irq 9 global_irq 9 low level)
[    0.000000] Using ACPI (MADT) for SMP configuration information
[    0.000000] smpboot: Allowing 2 CPUs, 0 hotplug CPUs
[    0.000000] PM: Registered nosave memory: [mem 0x00000000-0x00000fff]
[    0.000000] PM: Registered nosave memory: [mem 0x0009f000-0x0009ffff]
[    0.000000] PM: Registered nosave memory: [mem 0x000a0000-0x000effff]
[    0.000000] PM: Registered nosave memory: [mem 0x000f0000-0x000fffff]
[    0.000000] e820: [mem 0xc1800000-0xfebfffff] available for PCI devices
[    0.000000] Booting paravirtualized kernel on KVM
[    0.000000] clocksource: refined-jiffies: mask: 0xffffffff max_cycles: 0xffffffff, max_idle_ns: 7645519600211568 ns
[    0.000000] random: get_random_bytes called from start_kernel+0x99/0x500 with crng_init=0
[    0.000000] setup_percpu: NR_CPUS:8192 nr_cpumask_bits:2 nr_cpu_ids:2 nr_node_ids:1
[    0.000000] percpu: Embedded 50 pages/cpu s167936 r8192 d28672 u1048576
[    0.000000] PV qspinlock hash table entries: 256 (order: 0, 4096 bytes)
[    0.000000] Built 1 zonelists, mobility grouping on.  Total pages: 780057
[    0.000000] Policy zone: DMA32
[    0.000000] Kernel command line: BOOT_IMAGE=/boot/vmlinuz-4.15.0-189-generic root=LABEL=cloudimg-rootfs ro console=tty1 console=ttyS0
[    0.000000] Memory: 3068676K/3169848K available (12300K kernel code, 2484K rwdata, 4324K rodata, 2468K init, 2724K bss, 101172K reserved, 0K cma-reserved)
[    0.000000] SLUB: HWalign=64, Order=0-3, MinObjects=0, CPUs=2, Nodes=1
[    0.000000] ftrace: allocating 39515 entries in 155 pages
[    0.004000] Hierarchical RCU implementation.
[    0.004000] 	RCU restricting CPUs from NR_CPUS=8192 to nr_cpu_ids=2.
[    0.004000] 	Tasks RCU enabled.
[    0.004000] RCU: Adjusting geometry for rcu_fanout_leaf=16, nr_cpu_ids=2
[    0.004000] NR_IRQS: 524544, nr_irqs: 440, preallocated irqs: 16
[    0.004000] Console: colour VGA+ 80x25
[    0.004000] console [tty1] enabled
[    0.004000] console [ttyS0] enabled
[    0.004000] ACPI: Core revision 20170831
[    0.004000] ACPI: 2 ACPI AML tables successfully acquired and loaded
[    0.004000] APIC: Switch to symmetric I/O mode setup
[    0.004000] x2apic enabled
[    0.004000] Switched APIC routing to physical x2apic.
[    0.004000] ..TIMER: vector=0x30 apic1=0 pin1=2 apic2=-1 pin2=-1
[    0.004000] tsc: Detected 2711.998 MHz processor
[    0.004021] Calibrating delay loop (skipped) preset value.. 5423.99 BogoMIPS (lpj=10847992)
[    0.005425] pid_max: default: 32768 minimum: 301
[    0.006178] Security Framework initialized
[    0.006810] Yama: becoming mindful.
[    0.007305] AppArmor: AppArmor initialized
[    0.008859] Dentry cache hash table entries: 524288 (order: 10, 4194304 bytes)
[    0.010026] Inode-cache hash table entries: 262144 (order: 9, 2097152 bytes)
[    0.010907] Mount-cache hash table entries: 8192 (order: 4, 65536 bytes)
[    0.012008] Mountpoint-cache hash table entries: 8192 (order: 4, 65536 bytes)
[    0.013038] Last level iTLB entries: 4KB 64, 2MB 8, 4MB 8
[    0.013714] Last level dTLB entries: 4KB 64, 2MB 0, 4MB 0, 1GB 4
[    0.014440] Spectre V1 : Mitigation: usercopy/swapgs barriers and __user pointer sanitization
[    0.015472] Spectre V2 : Mitigation: Retpolines
[    0.016001] Spectre V2 : Spectre v2 / SpectreRSB mitigation: Filling RSB on context switch
[    0.017014] Speculative Store Bypass: Vulnerable
[    0.017602] MMIO Stale Data: Vulnerable: Clear CPU buffers attempted, no microcode
[    0.018552] SRBDS: Unknown: Dependent on hypervisor status
[    0.019373] Freeing SMP alternatives memory: 36K
[    0.129890] smpboot: CPU0: Intel(R) Core(TM) i7-10850H CPU @ 2.70GHz (family: 0x6, model: 0xa5, stepping: 0x2)
[    0.131152] Performance Events: unsupported p6 CPU model 165 no PMU driver, software events only.
[    0.132000] Hierarchical SRCU implementation.
[    0.132000] NMI watchdog: Perf event create on CPU 0 failed with -2
[    0.132000] NMI watchdog: Perf NMI watchdog permanently disabled
[    0.132026] smp: Bringing up secondary CPUs ...
[    0.132884] x86: Booting SMP configuration:
[    0.133462] .... node  #0, CPUs:      #1
[    0.004000] kvm-clock: cpu 1, msr 0:c1744041, secondary cpu clock
[    0.136012] smp: Brought up 1 node, 2 CPUs
[    0.136539] smpboot: Max logical packages: 1
[    0.137030] smpboot: Total of 2 processors activated (10847.99 BogoMIPS)
[    0.137899] devtmpfs: initialized
[    0.137899] x86/mm: Memory block size: 128MB
[    0.140168] evm: security.selinux
[    0.140575] evm: security.SMACK64
[    0.140991] evm: security.SMACK64EXEC
[    0.141486] evm: security.SMACK64TRANSMUTE
[    0.141976] evm: security.SMACK64MMAP
[    0.142455] evm: security.apparmor
[    0.142875] evm: security.ima
[    0.143353] evm: security.capability
[    0.144043] clocksource: jiffies: mask: 0xffffffff max_cycles: 0xffffffff, max_idle_ns: 7645041785100000 ns
[    0.145166] futex hash table entries: 512 (order: 3, 32768 bytes)
[    0.145873] pinctrl core: initialized pinctrl subsystem
[    0.146574] RTC time: 13:22:28, date: 08/18/22
[    0.147217] NET: Registered protocol family 16
[    0.147778] audit: initializing netlink subsys (disabled)
[    0.148013] audit: type=2000 audit(1660828953.321:1): state=initialized audit_enabled=0 res=1
[    0.148082] cpuidle: using governor ladder
[    0.148507] cpuidle: using governor menu
[    0.148992] ACPI: bus type PCI registered
[    0.149470] acpiphp: ACPI Hot Plug PCI Controller Driver version: 0.5
[    0.150248] PCI: Using configuration type 1 for base access
[    0.152663] HugeTLB registered 2.00 MiB page size, pre-allocated 0 pages
[    0.152806] ACPI: Added _OSI(Module Device)
[    0.152806] ACPI: Added _OSI(Processor Device)
[    0.153094] ACPI: Added _OSI(3.0 _SCP Extensions)
[    0.156004] ACPI: Added _OSI(Processor Aggregator Device)
[    0.156638] ACPI: Added _OSI(Linux-Dell-Video)
[    0.157208] ACPI: Added _OSI(Linux-Lenovo-NV-HDMI-Audio)
[    0.157834] ACPI: Added _OSI(Linux-HPI-Hybrid-Graphics)
[    0.158625] ACPI: Executed 1 blocks of module-level executable AML code
[    0.161719] ACPI: Interpreter enabled
[    0.162184] ACPI: (supports S0 S5)
[    0.162612] ACPI: Using IOAPIC for interrupt routing
[    0.163358] PCI: Using host bridge windows from ACPI; if necessary, use "pci=nocrs" and report a bug
[    0.164105] ACPI: Enabled 2 GPEs in block 00 to 07
[    0.169605] ACPI: PCI Root Bridge [PCI0] (domain 0000 [bus 00-ff])
[    0.170308] acpi PNP0A03:00: _OSC: OS supports [ASPM ClockPM Segments MSI]
[    0.171428] acpi PNP0A03:00: _OSC: not requesting OS control; OS requires [ExtendedConfig ASPM ClockPM MSI]
[    0.172007] acpi PNP0A03:00: fail to add MMCONFIG information, can't access extended PCI configuration space under this bridge.
[    0.173599] PCI host bridge to bus 0000:00
[    0.174092] pci_bus 0000:00: root bus resource [io  0x0000-0x0cf7 window]
[    0.174862] pci_bus 0000:00: root bus resource [io  0x0d00-0xffff window]
[    0.176002] pci_bus 0000:00: root bus resource [mem 0x000a0000-0x000bffff window]
[    0.177286] pci_bus 0000:00: root bus resource [mem 0xc1800000-0xfdffffff window]
[    0.178168] pci_bus 0000:00: root bus resource [bus 00-ff]
[    0.180227] pci 0000:00:01.1: legacy IDE quirk: reg 0x10: [io  0x01f0-0x01f7]
[    0.181034] pci 0000:00:01.1: legacy IDE quirk: reg 0x14: [io  0x03f6]
[    0.181834] pci 0000:00:01.1: legacy IDE quirk: reg 0x18: [io  0x0170-0x0177]
[    0.182679] pci 0000:00:01.1: legacy IDE quirk: reg 0x1c: [io  0x0376]
[    0.203534] pci 0000:00:07.0: quirk: [io  0x4000-0x403f] claimed by PIIX4 ACPI
[    0.204012] pci 0000:00:07.0: quirk: [io  0x4100-0x410f] claimed by PIIX4 SMB
[    0.216356] ACPI: PCI Interrupt Link [LNKA] (IRQs 5 9 10 *11)
[    0.217292] ACPI: PCI Interrupt Link [LNKB] (IRQs 5 9 *10 11)
[    0.218065] ACPI: PCI Interrupt Link [LNKC] (IRQs 5 *9 10 11)
[    0.218843] ACPI: PCI Interrupt Link [LNKD] (IRQs 5 9 10 *11)
[    0.220032] SCSI subsystem initialized
[    0.221034] pci 0000:00:02.0: vgaarb: setting as boot VGA device
[    0.221087] pci 0000:00:02.0: vgaarb: VGA device added: decodes=io+mem,owns=io+mem,locks=none
[    0.222137] pci 0000:00:02.0: vgaarb: bridge control possible
[    0.224007] vgaarb: loaded
[    0.224438] ACPI: bus type USB registered
[    0.224911] usbcore: registered new interface driver usbfs
[    0.225573] usbcore: registered new interface driver hub
[    0.226195] usbcore: registered new device driver usb
[    0.226807] EDAC MC: Ver: 3.0.0
[    0.226807] PCI: Using ACPI for IRQ routing
[    0.228185] NetLabel: Initializing
[    0.228595] NetLabel:  domain hash size = 128
[    0.229146] NetLabel:  protocols = UNLABELED CIPSOv4 CALIPSO
[    0.229793] NetLabel:  unlabeled traffic allowed by default
[    0.230482] clocksource: Switched to clocksource kvm-clock
[    0.235283] VFS: Disk quotas dquot_6.6.0
[    0.235761] VFS: Dquot-cache hash table entries: 512 (order 0, 4096 bytes)
[    0.236644] AppArmor: AppArmor Filesystem Enabled
[    0.237327] pnp: PnP ACPI init
[    0.238369] pnp: PnP ACPI: found 3 devices
[    0.246194] clocksource: acpi_pm: mask: 0xffffff max_cycles: 0xffffff, max_idle_ns: 2085701024 ns
[    0.247268] NET: Registered protocol family 2
[    0.247899] IP idents hash table entries: 65536 (order: 7, 524288 bytes)
[    0.249020] TCP established hash table entries: 32768 (order: 6, 262144 bytes)
[    0.249920] TCP bind hash table entries: 32768 (order: 7, 524288 bytes)
[    0.250757] TCP: Hash tables configured (established 32768 bind 32768)
[    0.251523] UDP hash table entries: 2048 (order: 4, 65536 bytes)
[    0.252398] UDP-Lite hash table entries: 2048 (order: 4, 65536 bytes)
[    0.264096] NET: Registered protocol family 1
[    0.264798] pci 0000:00:00.0: Limiting direct PCI/PCI transfers
[    0.265564] pci 0000:00:01.0: Activating ISA DMA hang workarounds
[    0.266335] pci 0000:00:02.0: Video device with shadowed ROM at [mem 0x000c0000-0x000dffff]
[    0.267397] Unpacking initramfs...
[    0.489353] Freeing initrd memory: 20412K
[    0.490002] clocksource: tsc: mask: 0xffffffffffffffff max_cycles: 0x27178451938, max_idle_ns: 440795251172 ns
[    0.491280] platform rtc_cmos: registered platform RTC device (no PNP device found)
[    0.492059] Scanning for low memory corruption every 60 seconds
[    0.493724] Initialise system trusted keyrings
[    0.494325] Key type blacklist registered
[    0.495107] workingset: timestamp_bits=36 max_order=20 bucket_order=0
[    0.497499] zbud: loaded
[    0.498272] squashfs: version 4.0 (2009/01/31) Phillip Lougher
[    0.499213] fuse init (API version 7.26)
[    0.501778] Key type asymmetric registered
[    0.502262] Asymmetric key parser 'x509' registered
[    0.502923] Block layer SCSI generic (bsg) driver version 0.4 loaded (major 246)
[    0.504047] io scheduler noop registered
[    0.505975] io scheduler deadline registered
[    0.507123] io scheduler cfq registered (default)
[    0.507919] ACPI: AC Adapter [AC] (on-line)
[    0.508512] input: Power Button as /devices/LNXSYSTM:00/LNXPWRBN:00/input/input0
[    0.509550] ACPI: Power Button [PWRF]
[    0.510011] input: Sleep Button as /devices/LNXSYSTM:00/LNXSLPBN:00/input/input1
[    0.510840] ACPI: Sleep Button [SLPF]
[    0.512113] ACPI: Battery Slot [BAT0] (battery present)
[    0.512888] Serial: 8250/16550 driver, 32 ports, IRQ sharing enabled
[    0.534225] 00:02: ttyS0 at I/O 0x3f8 (irq = 4, base_baud = 115200) is a 16550A
[    0.537303] Linux agpgart interface v0.103
[    0.538924] loop: module loaded
[    0.539699] scsi host0: ata_piix
[    0.540201] scsi host1: ata_piix
[    0.540664] ata1: PATA max UDMA/33 cmd 0x1f0 ctl 0x3f6 bmdma 0xd000 irq 14
[    0.541430] ata2: PATA max UDMA/33 cmd 0x170 ctl 0x376 bmdma 0xd008 irq 15
[    0.542413] tun: Universal TUN/TAP device driver, 1.6
[    0.543041] PPP generic driver version 2.4.2
[    0.543644] ehci_hcd: USB 2.0 'Enhanced' Host Controller (EHCI) Driver
[    0.544422] ehci-pci: EHCI PCI platform driver
[    0.544956] ehci-platform: EHCI generic platform driver
[    0.545596] ohci_hcd: USB 1.1 'Open' Host Controller (OHCI) Driver
[    0.546317] ohci-pci: OHCI PCI platform driver
[    0.546833] ohci-platform: OHCI generic platform driver
[    0.547463] uhci_hcd: USB Universal Host Controller Interface driver
[    0.548314] i8042: PNP: PS/2 Controller [PNP0303:PS2K,PNP0f03:PS2M] at 0x60,0x64 irq 1,12
[    0.549666] serio: i8042 KBD port at 0x60,0x64 irq 1
[    0.550287] serio: i8042 AUX port at 0x60,0x64 irq 12
[    0.550952] mousedev: PS/2 mouse device common for all mice
[    0.551976] input: AT Translated Set 2 keyboard as /devices/platform/i8042/serio0/input/input2
[    0.553193] rtc_cmos rtc_cmos: rtc core: registered rtc_cmos as rtc0
[    0.553947] rtc_cmos rtc_cmos: alarms up to one day, 114 bytes nvram
[    0.554714] i2c /dev entries driver
[    0.555210] device-mapper: uevent: version 1.0.3
[    0.555867] device-mapper: ioctl: 4.37.0-ioctl (2017-09-20) initialised: dm-devel@redhat.com
[    0.557018] ledtrig-cpu: registered to indicate activity on CPUs
[    0.558157] NET: Registered protocol family 10
[    0.561550] Segment Routing with IPv6
[    0.562003] NET: Registered protocol family 17
[    0.562562] Key type dns_resolver registered
[    0.563236] mce: Using 0 MCE banks
[    0.563661] RAS: Correctable Errors collector initialized.
[    0.564318] sched_clock: Marking stable (564306166, 0)->(702079233, -137773067)
[    0.565426] registered taskstats version 1
[    0.565948] Loading compiled-in X.509 certificates
[    0.567833] Loaded X.509 cert 'Build time autogenerated kernel key: 9c4811ffd453f4b0c13447eb15d717d926dfaff5'
[    0.569316] Loaded X.509 cert 'Canonical Ltd. Live Patch Signing: 14df34d1a87cf37625abec039ef2bf521249b969'
[    0.570946] Loaded X.509 cert 'Canonical Ltd. Kernel Module Signing: 88f752e560a1e0737e31163a466ad7b70a850c19'
[    0.572114] blacklist: Loading compiled-in revocation X.509 certificates
[    0.572943] Loaded X.509 cert 'Canonical Ltd. Secure Boot Signing: 61482aa2830d0ab2ad5af10b7250da9033ddcef0'
[    0.574090] zswap: loaded using pool lzo/zbud
[    0.576732] Key type big_key registered
[    0.577191] Key type trusted registered
[    0.578838] Key type encrypted registered
[    0.579308] AppArmor: AppArmor sha1 policy hashing enabled
[    0.579964] ima: No TPM chip found, activating TPM-bypass! (rc=-19)
[    0.580755] ima: Allocated hash algorithm: sha1
[    0.581291] evm: HMAC attrs: 0x1
[    0.581928]   Magic number: 2:566:382
[    0.582491] rtc_cmos rtc_cmos: setting system clock to 2022-08-18 13:22:29 UTC (1660828949)
[    0.583537] BIOS EDD facility v0.16 2004-Jun-25, 0 devices found
[    0.584233] EDD information not available.
[    0.726565] Freeing unused kernel image memory: 2468K
[    0.994914] Write protecting the kernel read-only data: 20480k
[    0.996437] Freeing unused kernel image memory: 2008K
[    0.997580] Freeing unused kernel image memory: 1820K
[    1.005800] x86/mm: Checked W+X mappings: passed, no W+X pages found.
Loading, please wait...
starting version 237
[    1.046299] Fusion MPT base driver 3.04.20
[    1.047125] Copyright (c) 1999-2008 LSI Corporation
[    1.057369] Fusion MPT SPI Host driver 3.04.20
[    1.058520] e1000: Intel(R) PRO/1000 Network Driver - version 7.3.21-k8-NAPI
[    1.059409] e1000: Copyright (c) 1999-2006 Intel Corporation.
[    1.066026] AVX2 version of gcm_enc/dec engaged.
[    1.066652] AES CTR mode by8 optimization enabled
[    1.071685] mptbase: ioc0: Initiating bringup
[    1.077642] vboxvideo: loading out-of-tree module taints kernel.
[    1.078569] vboxvideo: module verification failed: signature and/or required key missing - tainting kernel
[    1.080109] vboxvideo: loading version 6.1.36 r152435
[    1.180922] ioc0: LSI53C1030 A0: Capabilities={Initiator}
[    1.294208] input: ImExPS/2 Generic Explorer Mouse as /devices/platform/i8042/serio1/input/input4
[    1.425884] scsi host2: ioc0: LSI53C1030 A0, FwRev=00000000h, Ports=1, MaxQ=256, IRQ=20
[    1.593841] scsi 2:0:0:0: Direct-Access     VBOX     HARDDISK         1.0  PQ: 0 ANSI: 5
[    1.640096] scsi target2:0:0: Beginning Domain Validation
[    1.642510] scsi target2:0:0: Domain Validation skipping write tests
[    1.643367] scsi target2:0:0: Ending Domain Validation
[    1.644090] scsi target2:0:0: asynchronous
[    1.644870] scsi 2:0:1:0: Direct-Access     VBOX     HARDDISK         1.0  PQ: 0 ANSI: 5
[    1.930582] scsi target2:0:1: Beginning Domain Validation
[    1.932893] random: fast init done
[    1.933455] scsi target2:0:1: Domain Validation skipping write tests
[    1.934275] scsi target2:0:1: Ending Domain Validation
[    1.934941] scsi target2:0:1: asynchronous
[    1.937785] random: systemd-udevd: uninitialized urandom read (16 bytes read)
[    1.939054] random: systemd-udevd: uninitialized urandom read (16 bytes read)
[    1.939943] random: systemd-udevd: uninitialized urandom read (16 bytes read)
[    1.941160] sd 2:0:0:0: Attached scsi generic sg0 type 0
[    1.942284] sd 2:0:0:0: [sda] 83886080 512-byte logical blocks: (42.9 GB/40.0 GiB)
[    1.943325] sd 2:0:1:0: Attached scsi generic sg1 type 0
[    1.943371] sd 2:0:0:0: [sda] Write Protect is off
[    1.948091] sd 2:0:1:0: [sdb] 20480 512-byte logical blocks: (10.5 MB/10.0 MiB)
[    1.949522] sd 2:0:0:0: [sda] Incomplete mode parameter data
[    1.950476] sd 2:0:0:0: [sda] Assuming drive cache: write through
[    1.951211] sd 2:0:1:0: [sdb] Write Protect is off
[    1.951981] sd 2:0:1:0: [sdb] Incomplete mode parameter data
[    1.952703] sd 2:0:1:0: [sdb] Assuming drive cache: write through
[    1.955366]  sda: sda1
[    1.956699] sd 2:0:1:0: [sdb] Attached SCSI disk
[    1.956887] e1000 0000:00:03.0 eth0: (PCI:33MHz:32-bit) 02:aa:b2:66:c8:08
[    1.957619] sd 2:0:0:0: [sda] Attached SCSI disk
[    1.958080] e1000 0000:00:03.0 eth0: Intel(R) PRO/1000 Network Connection
[    1.959973] [drm] VRAM 01000000
[    1.960556] [TTM] Zone  kernel: Available graphics memory: 1547710 kiB
[    1.961387] [TTM] Initializing pool allocator
[    1.961923] [TTM] Initializing DMA pool allocator
[    1.963765] fbcon: vboxdrmfb (fb0) is primary device
[    1.965293] Console: switching to colour frame buffer device 100x37
[    1.968479] vboxvideo 0000:00:02.0: fb0: vboxdrmfb frame buffer device
[    1.980334] [drm] Initialized vboxvideo 1.0.0 20130823 for 0000:00:02.0 on minor 0
[    2.354923] e1000 0000:00:08.0 eth1: (PCI:33MHz:32-bit) 08:00:27:96:2a:c1
[    2.355627] e1000 0000:00:08.0 eth1: Intel(R) PRO/1000 Network Connection
[    2.357227] e1000 0000:00:08.0 enp0s8: renamed from eth1
[    2.373276] e1000 0000:00:03.0 enp0s3: renamed from eth0
Begin: Loading essential drivers ... [    2.528116] raid6: sse2x1   gen() 15766 MB/s
[    2.576119] raid6: sse2x1   xor()  8893 MB/s
[    2.624094] raid6: sse2x2   gen() 17394 MB/s
[    2.672120] raid6: sse2x2   xor() 11244 MB/s
[    2.720121] raid6: sse2x4   gen() 18555 MB/s
[    2.768068] raid6: sse2x4   xor() 11110 MB/s
[    2.816120] raid6: avx2x1   gen() 27394 MB/s
[    2.864125] raid6: avx2x1   xor() 15868 MB/s
[    2.914446] raid6: avx2x2   gen() 27140 MB/s
[    2.960100] raid6: avx2x2   xor() 21192 MB/s
[    3.008119] raid6: avx2x4   gen() 35474 MB/s
[    3.056065] raid6: avx2x4   xor() 21384 MB/s
[    3.056697] raid6: using algorithm avx2x4 gen() 35474 MB/s
[    3.057384] raid6: .... xor() 21384 MB/s, rmw enabled
[    3.058030] raid6: using avx2x2 recovery algorithm
[    3.059416] xor: automatically using best checksumming function   avx       
[    3.060911] async_tx: api initialized (async)
done.
Begin: Running /scripts/init-premount ... done.
Begin: Mounting root file system ... Begin: Running /scripts/local-top ... done.
Begin: Running /scripts/local-premount ... [    3.090981] Btrfs loaded, crc32c=crc32c-intel
Scanning for Btrfs filesystems
done.
Begin: Will now check root file system ... fsck from util-linux 2.31.1
[/sbin/fsck.ext4 (1) -- /dev/sda1] fsck.ext4 -a -C0 /dev/sda1 
cloudimg-rootfs: clean, 94801/5120000 files, 1056511/10485499 blocks
done.
[    3.118445] EXT4-fs (sda1): mounted filesystem with ordered data mode. Opts: (null)
done.
Begin: Running /scripts/local-bottom ... done.
Begin: Running /scripts/init-bottom ... done.
[    3.240697] ip_tables: (C) 2000-2006 Netfilter Core Team
[    3.246578] systemd[1]: systemd 237 running in system mode. (+PAM +AUDIT +SELINUX +IMA +APPARMOR +SMACK +SYSVINIT +UTMP +LIBCRYPTSETUP +GCRYPT +GNUTLS +ACL +XZ +LZ4 +SECCOMP +BLKID +ELFUTILS +KMOD -IDN2 +IDN -PCRE2 default-hierarchy=hybrid)
[    3.249207] systemd[1]: Detected virtualization oracle.
[    3.249944] systemd[1]: Detected architecture x86-64.

Welcome to [1mUbuntu 18.04.6 LTS[0m!

[    3.253320] systemd[1]: Set hostname to <dockervm>.
[    3.466904] systemd[1]: Created slice System Slice.
[[0;32m  OK  [0m] Created slice System Slice.
[    3.484128] systemd[1]: Listening on LVM2 poll daemon socket.
[[0;32m  OK  [0m] Listening on LVM2 poll daemon socket.
[    3.485326] systemd[1]: Listening on udev Control Socket.
[[0;32m  OK  [0m] Listening on udev Control Socket.
[    3.486431] systemd[1]: Started Forward Password Requests to Wall Directory Watch.
[[0;32m  OK  [0m] Started Forward Password Requests to Wall Directory Watch.
[    3.487809] systemd[1]: Listening on /dev/initctl Compatibility Named Pipe.
[[0;32m  OK  [0m] Listening on /dev/initctl Compatibility Named Pipe.
[    3.504339] systemd[1]: Reached target Swap.
[[0;32m  OK  [0m] Reached target Swap.
[[0;32m  OK  [0m] Reached target User and Group Name Lookups.
[[0;32m  OK  [0m] Created slice User and Session Slice.
[[0;32m  OK  [0m] Listening on Journal Socket (/dev/log).
[[0;32m  OK  [0m] Listening on fsck to fsckd communication Socket.
[[0;32m  OK  [0m] Reached target System Time Synchronized.
[[0;32m  OK  [0m] Listening on Journal Socket.
         Starting Uncomplicated firewall...
         Mounting Huge Pages File System...
         Mounting POSIX Message Queue File System...
         Starting Load Kernel Modules...
         Mounting Kernel Debug File System...
[[0;32m  OK  [0m] Listening on Syslog Socket.
[[0;32m  OK  [0m] Set up automount Arbitrary Executabâ€¦rmats File System Automount Point.
[    3.579301] Loading iSCSI transport class v2.0-870.
[[0;32m  OK  [0m] Listening on udev Kernel Socket.
         Starting udev Coldplug all Devices...
[[0;32m  OK  [0m] Listening on Journal Audit Socket.
[[0;32m  OK  [0m] Listening on LVM2 metadata daemon socket.
         Starting Remount Root and Kernel File Systems...
[[0;32m  OK  [0m] Listening on Device-mapper event daemon FIFOs.
         Starting Monitoring of LVM2 mirrorsâ€¦ng dmeventd or progress polling...
         Starting Journal Service...
         Starting Create list of required stâ€¦ce nodes for the current kernel...
[[0;32m  OK  [0m] Listening on Network Service Netlink Socket.[    3.593353] iscsi: registered transport (tcp)

         Starting Set the console keyboard layout...
[[0;32m  OK  [0m] Reached target Slices.
[[0;32m  OK  [0m] Created slice system-serial\x2dgetty.slice.
[[0;32m  OK  [0m] Started Uncomplicated firewall.
[[0;32m  OK  [0m] Mounted Huge Pages File System.
[[0;32m  OK  [0m] Mounted POSIX Message Queue File System.
[[0;32m  OK  [0m] Mounted Kernel Debug File System.
[    3.607285] iscsi: registered transport (iser)
[[0;32m  OK  [0m] Started Load Kernel Modules.
[[0;32m  OK  [0m] Started udev Coldplug all Devices.
[[0;32m  OK  [0m] Started LVM2 metadata daemon.
         Starting Apply Kernel Variables...
         Mounting Kernel Configuration File System...
         Mounting FUSE Control File System...
[[0;32m  OK  [0m] Started Journal Service.
[[0;32m  OK  [0m] Started Create list of required staâ€¦vice nodes for the current kernel.
[[0;32m  OK  [0m] Mounted Kernel Configuration File System.
[[0;32m  OK  [0m] Mounted FUSE Control File System.
         Starting Create Static Device Nodes in /dev...
[[0;32m  OK  [0m] Started Remount Root and Kernel File Systems.
         Starting Load/Save Random Seed...
         Starting Flush Journal to Persistent Storage...
[[0;32m  OK  [0m] Started Monitoring of LVM2 mirrors,â€¦sing dmeventd or progress polling.
[[0;32m  OK  [0m] Started Apply Kernel Variables.
[[0;32m  OK  [0m] Started Create Static Device Nodes in /dev.
[[0;32m  OK  [0m] Started Load/Save Random Seed.
         Starting udev Kernel Device Manager...
[[0;32m  OK  [0m] Started udev Kernel Device Manager.
[[0;32m  OK  [0m] Started Set the console keyboard layout.
[[0;32m  OK  [0m] Reached target Local File Systems (Pre).
[[0;32m  OK  [0m] Reached target Local File Systems.
         Starting Tell Plymouth To Write Out Runtime Data...
         Starting AppArmor initialization...
         Starting Set console font and keymap...
         Starting ebtables ruleset management...
[[0;32m  OK  [0m] Started Dispatch Password Requests to Console Directory Watch.
[[0;32m  OK  [0m] Reached target Local Encrypted Volumes.
[[0;32m  OK  [0m] Started Tell Plymouth To Write Out Runtime Data.
[[0;32m  OK  [0m] Started Flush Journal to Persistent Storage.
[[0;32m  OK  [0m] Started Set console font and keymap.
         Starting Create Volatile Files and Directories...
[[0;32m  OK  [0m] Started Create Volatile Files and Directories.
         Starting Update UTMP about System Boot/Shutdown...
[[0;32m  OK  [0m] Started Update UTMP about System Boot/Shutdown.
[[0;32m  OK  [0m] Started ebtables ruleset management.
[[0;32m  OK  [0m] Found device /dev/ttyS0.
[[0;32m  OK  [0m] Started AppArmor initialization.
         Starting Load AppArmor profiles managed internally by snapd...
         Starting Initial cloud-init job (pre-networking)...
[[0;32m  OK  [0m] Started Load AppArmor profiles managed internally by snapd.
[[0;32m  OK  [0m] Listening on Load/Save RF Kill Switch Status /dev/rfkill Watch.
[    4.718904] cloud-init[546]: Cloud-init v. 22.2-0ubuntu1~18.04.3 running 'init-local' at Thu, 18 Aug 2022 13:22:33 +0000. Up 4.58 seconds.
[[0;32m  OK  [0m] Started Initial cloud-init job (pre-networking).
[[0;32m  OK  [0m] Reached target Network (Pre).
         Starting Network Service...
[[0;32m  OK  [0m] Started Network Service.
         Starting Network Name Resolution...
         Starting Wait for Network to be Configured...
[[0;32m  OK  [0m] Started Network Name Resolution.
[[0;32m  OK  [0m] Reached target Host and Network Name Lookups.
[[0;32m  OK  [0m] Reached target Network.
[[0;32m  OK  [0m] Started Wait for Network to be Configured.
         Starting Initial cloud-init job (metadata service crawler)...
[    7.142654] cloud-init[718]: Cloud-init v. 22.2-0ubuntu1~18.04.3 running 'init' at Thu, 18 Aug 2022 13:22:35 +0000. Up 7.05 seconds.
[    7.143317] cloud-init[718]: ci-info: ++++++++++++++++++++++++++++++++++++++Net device info+++++++++++++++++++++++++++++++++++++++
[    7.144171] cloud-init[718]: ci-info: +--------+------+-----------------------------+---------------+--------+-------------------+
[    7.156175] cloud-init[718]: ci-info: | Device |  Up  |           Address           |      Mask     | Scope  |     Hw-Address    |
[    7.172588] cloud-init[718]: ci-info: +--------+------+-----------------------------+---------------+--------+-------------------+
[    7.173119] cloud-init[718]: ci-info: | enp0s3 | True |          10.0.2.15          | 255.255.255.0 | global | 02:aa:b2:66:c8:08 |
[    7.173633] cloud-init[718]: ci-info: | enp0s3 | True |  fe80::aa:b2ff:fe66:c808/64 |       .       |  link  | 02:aa:b2:66:c8:08 |
[    7.174379] cloud-init[718]: ci-info: | enp0s8 | True |         192.168.33.2        | 255.255.255.0 | global | 08:00:27:96:2a:c1 |
[    7.175062] cloud-init[718]: ci-info: | enp0s8 | True | fe80::a00:27ff:fe96:2ac1/64 |       .       |  link  | 08:00:27:96:2a:c1 |
[    7.175731] cloud-init[718]: ci-info: |   lo   | True |          127.0.0.1          |   255.0.0.0   |  host  |         .         |
[    7.176438] cloud-init[718]: ci-info: |   lo   | True |           ::1/128           |       .       |  host  |         .         |
[    7.177669] cloud-init[718]: ci-info: +--------+------+-----------------------------+---------------+--------+-------------------+
[    7.178219] cloud-init[718]: ci-info: +++++++++++++++++++++++++++++Route IPv4 info+++++++++++++++++++++++++++++
[    7.178852] cloud-init[718]: ci-info: +-------+--------------+----------+-----------------+-----------+-------+
[    7.188622] cloud-init[718]: ci-info: | Route | Destination  | Gateway  |     Genmask     | Interface | Flags |
[    7.200177] cloud-init[718]: ci-info: +-------+--------------+----------+-----------------+-----------+-------+
[    7.200709] cloud-init[718]: ci-info: |   0   |   0.0.0.0    | 10.0.2.2 |     0.0.0.0     |   enp0s3  |   UG  |
[    7.212111] cloud-init[718]: ci-info: |   1   |   10.0.2.0   | 0.0.0.0  |  255.255.255.0  |   enp0s3  |   U   |
[    7.224313] cloud-init[718]: ci-info: |   2   |   10.0.2.2   | 0.0.0.0  | 255.255.255.255 |   enp0s3  |   UH  |
[    7.224849] cloud-init[718]: ci-info: |   3   | 192.168.33.0 | 0.0.0.0  |  255.255.255.0  |   enp0s8  |   U   |
[    7.236180] cloud-init[718]: ci-info: +-------+--------------+----------+-----------------+-----------+-------+
[    7.248197] cloud-init[718]: ci-info: +++++++++++++++++++Route IPv6 info+++++++++++++++++++
[    7.248714] cloud-init[718]: ci-info: +-------+-------------+---------+-----------+-------+
[[    7.260223] [0;32m  OK  [0mcloud-init] [718]: Started Initial cloud-init job (metadata service crawler).ci-info: | Route | Destination | Gateway | Interface | Flags |

[    7.260263] cloud-init[718]: ci-info: +-------+-------------+---------+-----------+-------+
[[0;32m  OK  [0m] Reached target Cloud-config availability.
[    7.273155] cloud-init[718]: ci-info: |   1   |  fe80::/64  |    ::   |   enp0s8  |   U   |
[[    7.273902] [0;32m  OK  [0mcloud-init] [718]: Reached target System Initialization.ci-info: |   2   |  fe80::/64  |    ::   |   enp0s3  |   U   |

[[    7.284878] [0;32m  OK  [0mcloud-init] [718]: Started ACPI Events Check.ci-info: |   4   |    local    |    ::   |   enp0s3  |   U   |

[[    7.296842] [0;32m  OK  [0mcloud-init] [718]: Started Daily apt download activities.ci-info: |   5   |    local    |    ::   |   enp0s8  |   U   |

[[    7.308527] [0;32m  OK  [0mcloud-init] [718]: ci-info: |   6   |   ff00::/8  |    ::   |   enp0s8  |   U   |
[    7.308586] cloud-init[718]: ci-info: |   7   |   ff00::/8  |    ::   |   enp0s3  |   U   |
[    7.308780] cloud-init[718]: ci-info: +-------+-------------+---------+-----------+-------+
Started Discard unused blocks once a week.
[[0;32m  OK  [0m] Reached target Paths.
         Starting Docker Socket for the API.
[[0;32m  OK  [0m] Listening on cloud-init hotplug hook socket.
[[0;32m  OK  [0m] Listening on UUID daemon activation socket.
[[0;32m  OK  [0m] Started Ubuntu Advantage Timer for running repeated jobs.
[[0;32m  OK  [0m] Listening on ACPID Listen Socket.
[[0;32m  OK  [0m] Started Daily apt upgrade and clean activities.
[[0;32m  OK  [0m] Listening on Open-iSCSI iscsid Socket.
[[0;32m  OK  [0m] Listening on D-Bus System Message Bus Socket.
[[0;32m  OK  [0m] Started Daily Cleanup of Temporary Directories.
[[0;32m  OK  [0m] Started Message of the Day.
[[0;32m  OK  [0m] Reached target Timers.
         Starting Socket activation for snappy daemon.
         Starting LXD - unix socket.
[[0;32m  OK  [0m] Reached target Network is Online.
[[0;32m  OK  [0m] Reached target Remote File Systems (Pre).
         Mounting /vagrant_data...
         Starting Availability of block devices...
         Mounting /vagrant...
[[0;32m  OK  [0m] Listening on Docker Socket for the API.
[[0;32m  OK  [0m] Listening on Socket activation for snappy daemon.
[[0;32m  OK  [0m] Listening on LXD - unix socket.
[[0;1;31mFAILED[0m] Failed to mount /vagrant_data.
See 'systemctl status vagrant_data.mount' for details.
[[0;1;33mDEPEND[0m] Dependency failed for Remote File Systems.
[[0;32m  OK  [0m] Started Availability of block devices.
[[0;1;31mFAILED[0m] Failed to mount /vagrant.
See 'systemctl status vagrant.mount' for details.
[[0;32m  OK  [0m] Reached target Sockets.
[[0;32m  OK  [0m] Reached target Basic System.
         Starting Login Service...
         Starting Dispatcher daemon for systemd-networkd...
         Starting containerd container runtime...
[[0;32m  OK  [0m] Started Regular background program processing daemon.
[[0;32m  OK  [0m] Started Deferred execution scheduler.
         Starting System Logging Service...
         Starting vboxadd.service...
[[0;32m  OK  [0m] Started FUSE filesystem for LXC.
         Starting LSB: automatic crash report generation...
[[0;32m  OK  [0m] Started irqbalance daemon.
         Starting OpenBSD Secure Shell server...
[[0;32m  OK  [0m] Started D-Bus System Message Bus.
[[0;32m  OK  [0m] Started Login Service.
[[0;32m  OK  [0m] Started Unattended Upgrades Shutdown.
         Starting LSB: Record successful boot for GRUB...
         Starting Accounts Service...
         Starting Snap Daemon...
         Starting Permit User Sessions...
         Starting LXD - container startup/shutdown...
[[0;32m  OK  [0m] Started System Logging Service.
[[0;32m  OK  [0m] Started Dispatcher daemon for systemd-networkd.
[[0;32m  OK  [0m] Started OpenBSD Secure Shell server.
[[0;32m  OK  [0m] Started Permit User Sessions.
         Starting Terminate Plymouth Boot Screen...
         Starting Hold until boot process finishes up...
         Starting Authorization Manager...
[[0;32m  OK  [0m] Started Terminate Plymouth Boot Screen.
[[0;32m  OK  [0m] Started Hold until boot process finishes up.
         Starting Set console scheme...
[[0;32m  OK  [0m] Started Serial Getty on ttyS0.
[[0;32m  OK  [0m] Started Authorization Manager.
[[0;32m  OK  [0m] Started Accounts Service.
[[0;32m  OK  [0m] Started Set console scheme.
[[0;32m  OK  [0m] Created slice system-getty.slice.
[[0;32m  OK  [0m] Started Getty on tty1.
[[0;32m  OK  [0m] Reached target Login Prompts.
[[0;32m  OK  [0m] Started LSB: automatic crash report generation.
[[0;32m  OK  [0m] Started LSB: Record successful boot for GRUB.
[[0;32m  OK  [0m] Started LXD - container startup/shutdown.
[[0;32m  OK  [0m] Started containerd container runtime.
         Starting Docker Application Container Engine...
[[0;32m  OK  [0m] Started Snap Daemon.
         Starting Wait until snapd is fully seeded...
         Starting Time & Date Service...
[[0;32m  OK  [0m] Started Time & Date Service.
[[0;32m  OK  [0m] Started Wait until snapd is fully seeded.
         Starting Apply the settings specified in cloud-config...
[[0;32m  OK  [0m] Started vboxadd.service.
         Starting vboxadd-service.service...
[[0;32m  OK  [0m] Started vboxadd-service.service.
[    9.414487] cloud-init[1397]: Cloud-init v. 22.2-0ubuntu1~18.04.3 running 'modules:config' at Thu, 18 Aug 2022 13:22:38 +0000. Up 9.34 seconds.
[[0;32m  OK  [0m] Started Apply the settings specified in cloud-config.
[[0;32m  OK  [0m] Started Docker Application Container Engine.
[[0;32m  OK  [0m] Reached target Multi-User System.
[[0;32m  OK  [0m] Reached target Graphical Interface.
         Starting Update UTMP about System Runlevel Changes...
         Starting Execute cloud user/final scripts...
[[0;32m  OK  [0m] Started Update UTMP about System Runlevel Changes.
[   10.742191] cloud-init[1686]: Cloud-init v. 22.2-0ubuntu1~18.04.3 running 'modules:final' at Thu, 18 Aug 2022 13:22:39 +0000. Up 10.67 seconds.
[   10.752221] cloud-init[1686]: Cloud-init v. 22.2-0ubuntu1~18.04.3 finished at Thu, 18 Aug 2022 13:22:39 +0000. Datasource DataSourceNoCloud [seed=/dev/sdb][dsmode=net].  Up 10.73 seconds
[[0;32m  OK  [0m] Started Execute cloud user/final scripts.
[[0;32m  OK  [0m] Reached target Cloud-init target.

Ubuntu 18.04.6 LTS dockervm ttyS0

dockervm login: 